// Jest Snapshot v1, https://goo.gl/fbAQLP

exports[`should render ErrorPage correctly 1`] = `
<div>
  Error: 404 -  
  <Link
    replace={false}
    to="/"
  >
     Go Home
  </Link>
</div>
`;
